running develop
running egg_info
creating hand_tracking_sdk_ros2.egg-info
writing hand_tracking_sdk_ros2.egg-info/PKG-INFO
writing dependency_links to hand_tracking_sdk_ros2.egg-info/dependency_links.txt
writing entry points to hand_tracking_sdk_ros2.egg-info/entry_points.txt
writing requirements to hand_tracking_sdk_ros2.egg-info/requires.txt
writing top-level names to hand_tracking_sdk_ros2.egg-info/top_level.txt
writing manifest file 'hand_tracking_sdk_ros2.egg-info/SOURCES.txt'
reading manifest file 'hand_tracking_sdk_ros2.egg-info/SOURCES.txt'
writing manifest file 'hand_tracking_sdk_ros2.egg-info/SOURCES.txt'
running build_ext
Creating /home/wdy/wang_dy/hand-tracking-streamer-main/ros-ws/install/hand_tracking_sdk_ros2/lib/python3.10/site-packages/hand-tracking-sdk-ros2.egg-link (link to .)
Installing hand_tracking_bridge script to /home/wdy/wang_dy/hand-tracking-streamer-main/ros-ws/install/hand_tracking_sdk_ros2/lib/hand_tracking_sdk_ros2

Installed /home/wdy/wang_dy/hand-tracking-streamer-main/ros-ws/build/hand_tracking_sdk_ros2
running symlink_data
creating /home/wdy/wang_dy/hand-tracking-streamer-main/ros-ws/install/hand_tracking_sdk_ros2/share/ament_index
creating /home/wdy/wang_dy/hand-tracking-streamer-main/ros-ws/install/hand_tracking_sdk_ros2/share/ament_index/resource_index
creating /home/wdy/wang_dy/hand-tracking-streamer-main/ros-ws/install/hand_tracking_sdk_ros2/share/ament_index/resource_index/packages
symbolically linking /home/wdy/wang_dy/hand-tracking-streamer-main/ros-ws/build/hand_tracking_sdk_ros2/resource/hand_tracking_sdk_ros2 -> /home/wdy/wang_dy/hand-tracking-streamer-main/ros-ws/install/hand_tracking_sdk_ros2/share/ament_index/resource_index/packages
symbolically linking /home/wdy/wang_dy/hand-tracking-streamer-main/ros-ws/build/hand_tracking_sdk_ros2/package.xml -> /home/wdy/wang_dy/hand-tracking-streamer-main/ros-ws/install/hand_tracking_sdk_ros2/share/hand_tracking_sdk_ros2
symbolically linking /home/wdy/wang_dy/hand-tracking-streamer-main/ros-ws/build/hand_tracking_sdk_ros2/README.md -> /home/wdy/wang_dy/hand-tracking-streamer-main/ros-ws/install/hand_tracking_sdk_ros2/share/hand_tracking_sdk_ros2
creating /home/wdy/wang_dy/hand-tracking-streamer-main/ros-ws/install/hand_tracking_sdk_ros2/share/hand_tracking_sdk_ros2/launch
symbolically linking /home/wdy/wang_dy/hand-tracking-streamer-main/ros-ws/build/hand_tracking_sdk_ros2/launch/bridge.launch.py -> /home/wdy/wang_dy/hand-tracking-streamer-main/ros-ws/install/hand_tracking_sdk_ros2/share/hand_tracking_sdk_ros2/launch
symbolically linking /home/wdy/wang_dy/hand-tracking-streamer-main/ros-ws/build/hand_tracking_sdk_ros2/launch/view_hands.launch.py -> /home/wdy/wang_dy/hand-tracking-streamer-main/ros-ws/install/hand_tracking_sdk_ros2/share/hand_tracking_sdk_ros2/launch
creating /home/wdy/wang_dy/hand-tracking-streamer-main/ros-ws/install/hand_tracking_sdk_ros2/share/hand_tracking_sdk_ros2/config
symbolically linking /home/wdy/wang_dy/hand-tracking-streamer-main/ros-ws/build/hand_tracking_sdk_ros2/config/bridge.wired.params.yaml -> /home/wdy/wang_dy/hand-tracking-streamer-main/ros-ws/install/hand_tracking_sdk_ros2/share/hand_tracking_sdk_ros2/config
symbolically linking /home/wdy/wang_dy/hand-tracking-streamer-main/ros-ws/build/hand_tracking_sdk_ros2/config/bridge.params.yaml -> /home/wdy/wang_dy/hand-tracking-streamer-main/ros-ws/install/hand_tracking_sdk_ros2/share/hand_tracking_sdk_ros2/config
creating /home/wdy/wang_dy/hand-tracking-streamer-main/ros-ws/install/hand_tracking_sdk_ros2/share/hand_tracking_sdk_ros2/rviz
symbolically linking /home/wdy/wang_dy/hand-tracking-streamer-main/ros-ws/build/hand_tracking_sdk_ros2/rviz/hand_tracking.rviz -> /home/wdy/wang_dy/hand-tracking-streamer-main/ros-ws/install/hand_tracking_sdk_ros2/share/hand_tracking_sdk_ros2/rviz
