[0.128s] DEBUG:colcon:Command line arguments: ['/usr/bin/colcon', 'build', '--symlink-install', '--packages-select', 'hand_tracking_sdk_ros2', '--parallel-workers', '1', '--event-handlers', 'console_direct+']
[0.128s] DEBUG:colcon:Parsed command line arguments: Namespace(log_base=None, log_level=None, verb_name='build', build_base='build', install_base='install', merge_install=False, symlink_install=True, test_result_base=None, continue_on_error=False, executor='parallel', parallel_workers=1, event_handlers=['console_direct+'], ignore_user_meta=False, metas=['./colcon.meta'], base_paths=['.'], packages_ignore=None, packages_ignore_regex=None, paths=None, packages_up_to=None, packages_up_to_regex=None, packages_above=None, packages_above_and_dependencies=None, packages_above_depth=None, packages_select_by_dep=None, packages_skip_by_dep=None, packages_skip_up_to=None, packages_select_build_failed=False, packages_skip_build_finished=False, packages_select_test_failures=False, packages_skip_test_passed=False, packages_select=['hand_tracking_sdk_ros2'], packages_skip=None, packages_select_regex=None, packages_skip_regex=None, packages_start=None, packages_end=None, allow_overriding=[], cmake_args=None, cmake_target=None, cmake_target_skip_unavailable=False, cmake_clean_cache=False, cmake_clean_first=False, cmake_force_configure=False, ament_cmake_args=None, catkin_cmake_args=None, catkin_skip_building_tests=False, verb_parser=<colcon_defaults.argument_parser.defaults.DefaultArgumentsDecorator object at 0x7394c53155d0>, verb_extension=<colcon_core.verb.build.BuildVerb object at 0x7394c544b400>, main=<bound method BuildVerb.main of <colcon_core.verb.build.BuildVerb object at 0x7394c544b400>>)
[0.235s] Level 1:colcon.colcon_core.package_discovery:discover_packages(colcon_meta) check parameters
[0.235s] Level 1:colcon.colcon_core.package_discovery:discover_packages(recursive) check parameters
[0.235s] Level 1:colcon.colcon_core.package_discovery:discover_packages(ignore) check parameters
[0.235s] Level 1:colcon.colcon_core.package_discovery:discover_packages(path) check parameters
[0.235s] Level 1:colcon.colcon_core.package_discovery:discover_packages(colcon_meta) discover
[0.235s] Level 1:colcon.colcon_core.package_discovery:discover_packages(recursive) discover
[0.235s] INFO:colcon.colcon_core.package_discovery:Crawling recursively for packages in '/home/wdy/wang_dy/hand-tracking-streamer-main/ros-ws'
[0.235s] Level 1:colcon.colcon_core.package_identification:_identify(.) by extensions ['ignore', 'ignore_ament_install']
[0.235s] Level 1:colcon.colcon_core.package_identification:_identify(.) by extension 'ignore'
[0.235s] Level 1:colcon.colcon_core.package_identification:_identify(.) by extension 'ignore_ament_install'
[0.235s] Level 1:colcon.colcon_core.package_identification:_identify(.) by extensions ['colcon_pkg']
[0.235s] Level 1:colcon.colcon_core.package_identification:_identify(.) by extension 'colcon_pkg'
[0.235s] Level 1:colcon.colcon_core.package_identification:_identify(.) by extensions ['colcon_meta']
[0.235s] Level 1:colcon.colcon_core.package_identification:_identify(.) by extension 'colcon_meta'
[0.235s] Level 1:colcon.colcon_core.package_identification:_identify(.) by extensions ['ros']
[0.235s] Level 1:colcon.colcon_core.package_identification:_identify(.) by extension 'ros'
[0.242s] Level 1:colcon.colcon_core.package_identification:_identify(.) by extensions ['cmake', 'python']
[0.242s] Level 1:colcon.colcon_core.package_identification:_identify(.) by extension 'cmake'
[0.242s] Level 1:colcon.colcon_core.package_identification:_identify(.) by extension 'python'
[0.242s] Level 1:colcon.colcon_core.package_identification:_identify(.) by extensions ['python_setup_py']
[0.242s] Level 1:colcon.colcon_core.package_identification:_identify(.) by extension 'python_setup_py'
[0.242s] Level 1:colcon.colcon_core.package_identification:_identify(build) by extensions ['ignore', 'ignore_ament_install']
[0.242s] Level 1:colcon.colcon_core.package_identification:_identify(build) by extension 'ignore'
[0.242s] Level 1:colcon.colcon_core.package_identification:_identify(build) ignored
[0.242s] Level 1:colcon.colcon_core.package_identification:_identify(install) by extensions ['ignore', 'ignore_ament_install']
[0.242s] Level 1:colcon.colcon_core.package_identification:_identify(install) by extension 'ignore'
[0.242s] Level 1:colcon.colcon_core.package_identification:_identify(install) ignored
[0.242s] Level 1:colcon.colcon_core.package_identification:_identify(log) by extensions ['ignore', 'ignore_ament_install']
[0.242s] Level 1:colcon.colcon_core.package_identification:_identify(log) by extension 'ignore'
[0.242s] Level 1:colcon.colcon_core.package_identification:_identify(log) ignored
[0.242s] Level 1:colcon.colcon_core.package_identification:_identify(src) by extensions ['ignore', 'ignore_ament_install']
[0.242s] Level 1:colcon.colcon_core.package_identification:_identify(src) by extension 'ignore'
[0.243s] Level 1:colcon.colcon_core.package_identification:_identify(src) by extension 'ignore_ament_install'
[0.243s] Level 1:colcon.colcon_core.package_identification:_identify(src) by extensions ['colcon_pkg']
[0.243s] Level 1:colcon.colcon_core.package_identification:_identify(src) by extension 'colcon_pkg'
[0.243s] Level 1:colcon.colcon_core.package_identification:_identify(src) by extensions ['colcon_meta']
[0.243s] Level 1:colcon.colcon_core.package_identification:_identify(src) by extension 'colcon_meta'
[0.243s] Level 1:colcon.colcon_core.package_identification:_identify(src) by extensions ['ros']
[0.243s] Level 1:colcon.colcon_core.package_identification:_identify(src) by extension 'ros'
[0.243s] Level 1:colcon.colcon_core.package_identification:_identify(src) by extensions ['cmake', 'python']
[0.243s] Level 1:colcon.colcon_core.package_identification:_identify(src) by extension 'cmake'
[0.243s] Level 1:colcon.colcon_core.package_identification:_identify(src) by extension 'python'
[0.243s] Level 1:colcon.colcon_core.package_identification:_identify(src) by extensions ['python_setup_py']
[0.243s] Level 1:colcon.colcon_core.package_identification:_identify(src) by extension 'python_setup_py'
[0.243s] Level 1:colcon.colcon_core.package_identification:_identify(src/hand_tracking_sdk_ros2) by extensions ['ignore', 'ignore_ament_install']
[0.243s] Level 1:colcon.colcon_core.package_identification:_identify(src/hand_tracking_sdk_ros2) by extension 'ignore'
[0.243s] Level 1:colcon.colcon_core.package_identification:_identify(src/hand_tracking_sdk_ros2) by extension 'ignore_ament_install'
[0.243s] Level 1:colcon.colcon_core.package_identification:_identify(src/hand_tracking_sdk_ros2) by extensions ['colcon_pkg']
[0.243s] Level 1:colcon.colcon_core.package_identification:_identify(src/hand_tracking_sdk_ros2) by extension 'colcon_pkg'
[0.243s] Level 1:colcon.colcon_core.package_identification:_identify(src/hand_tracking_sdk_ros2) by extensions ['colcon_meta']
[0.243s] Level 1:colcon.colcon_core.package_identification:_identify(src/hand_tracking_sdk_ros2) by extension 'colcon_meta'
[0.243s] Level 1:colcon.colcon_core.package_identification:_identify(src/hand_tracking_sdk_ros2) by extensions ['ros']
[0.243s] Level 1:colcon.colcon_core.package_identification:_identify(src/hand_tracking_sdk_ros2) by extension 'ros'
[0.245s] DEBUG:colcon.colcon_core.package_identification:Package 'src/hand_tracking_sdk_ros2' with type 'ros.ament_python' and name 'hand_tracking_sdk_ros2'
[0.245s] Level 1:colcon.colcon_core.package_discovery:discover_packages(recursive) using defaults
[0.245s] Level 1:colcon.colcon_core.package_discovery:discover_packages(ignore) discover
[0.245s] Level 1:colcon.colcon_core.package_discovery:discover_packages(ignore) using defaults
[0.245s] Level 1:colcon.colcon_core.package_discovery:discover_packages(path) discover
[0.245s] Level 1:colcon.colcon_core.package_discovery:discover_packages(path) using defaults
[0.271s] Level 1:colcon.colcon_core.package_discovery:discover_packages(prefix_path) check parameters
[0.271s] Level 1:colcon.colcon_core.package_discovery:discover_packages(prefix_path) discover
[0.273s] DEBUG:colcon.colcon_installed_package_information.package_discovery:Found 386 installed packages in /opt/ros/humble
[0.274s] Level 1:colcon.colcon_core.package_discovery:discover_packages(prefix_path) using defaults
[0.293s] Level 5:colcon.colcon_core.verb:set package 'hand_tracking_sdk_ros2' build argument 'cmake_args' from command line to 'None'
[0.293s] Level 5:colcon.colcon_core.verb:set package 'hand_tracking_sdk_ros2' build argument 'cmake_target' from command line to 'None'
[0.293s] Level 5:colcon.colcon_core.verb:set package 'hand_tracking_sdk_ros2' build argument 'cmake_target_skip_unavailable' from command line to 'False'
[0.293s] Level 5:colcon.colcon_core.verb:set package 'hand_tracking_sdk_ros2' build argument 'cmake_clean_cache' from command line to 'False'
[0.293s] Level 5:colcon.colcon_core.verb:set package 'hand_tracking_sdk_ros2' build argument 'cmake_clean_first' from command line to 'False'
[0.293s] Level 5:colcon.colcon_core.verb:set package 'hand_tracking_sdk_ros2' build argument 'cmake_force_configure' from command line to 'False'
[0.293s] Level 5:colcon.colcon_core.verb:set package 'hand_tracking_sdk_ros2' build argument 'ament_cmake_args' from command line to 'None'
[0.293s] Level 5:colcon.colcon_core.verb:set package 'hand_tracking_sdk_ros2' build argument 'catkin_cmake_args' from command line to 'None'
[0.293s] Level 5:colcon.colcon_core.verb:set package 'hand_tracking_sdk_ros2' build argument 'catkin_skip_building_tests' from command line to 'False'
[0.293s] DEBUG:colcon.colcon_core.verb:Building package 'hand_tracking_sdk_ros2' with the following arguments: {'ament_cmake_args': None, 'build_base': '/home/wdy/wang_dy/hand-tracking-streamer-main/ros-ws/build/hand_tracking_sdk_ros2', 'catkin_cmake_args': None, 'catkin_skip_building_tests': False, 'cmake_args': None, 'cmake_clean_cache': False, 'cmake_clean_first': False, 'cmake_force_configure': False, 'cmake_target': None, 'cmake_target_skip_unavailable': False, 'install_base': '/home/wdy/wang_dy/hand-tracking-streamer-main/ros-ws/install/hand_tracking_sdk_ros2', 'merge_install': False, 'path': '/home/wdy/wang_dy/hand-tracking-streamer-main/ros-ws/src/hand_tracking_sdk_ros2', 'symlink_install': True, 'test_result_base': None}
[0.293s] INFO:colcon.colcon_core.executor:Executing jobs using 'parallel' executor
[0.294s] DEBUG:colcon.colcon_parallel_executor.executor.parallel:run_until_complete
[0.294s] INFO:colcon.colcon_ros.task.ament_python.build:Building ROS package in '/home/wdy/wang_dy/hand-tracking-streamer-main/ros-ws/src/hand_tracking_sdk_ros2' with build type 'ament_python'
[0.294s] Level 1:colcon.colcon_core.shell:create_environment_hook('hand_tracking_sdk_ros2', 'ament_prefix_path')
[0.296s] INFO:colcon.colcon_core.plugin_system:Skipping extension 'colcon_core.shell.bat': Not used on non-Windows systems
[0.296s] INFO:colcon.colcon_core.shell:Creating environment hook '/home/wdy/wang_dy/hand-tracking-streamer-main/ros-ws/install/hand_tracking_sdk_ros2/share/hand_tracking_sdk_ros2/hook/ament_prefix_path.ps1'
[0.296s] INFO:colcon.colcon_core.shell:Creating environment descriptor '/home/wdy/wang_dy/hand-tracking-streamer-main/ros-ws/install/hand_tracking_sdk_ros2/share/hand_tracking_sdk_ros2/hook/ament_prefix_path.dsv'
[0.297s] INFO:colcon.colcon_core.shell:Creating environment hook '/home/wdy/wang_dy/hand-tracking-streamer-main/ros-ws/install/hand_tracking_sdk_ros2/share/hand_tracking_sdk_ros2/hook/ament_prefix_path.sh'
[0.297s] INFO:colcon.colcon_core.shell:Skip shell extension 'powershell' for command environment: Not usable outside of PowerShell
[0.297s] DEBUG:colcon.colcon_core.shell:Skip shell extension 'dsv' for command environment
[0.411s] INFO:colcon.colcon_core.task.python.build:Building Python package in '/home/wdy/wang_dy/hand-tracking-streamer-main/ros-ws/src/hand_tracking_sdk_ros2'
[0.411s] INFO:colcon.colcon_core.shell:Skip shell extension 'powershell' for command environment: Not usable outside of PowerShell
[0.411s] DEBUG:colcon.colcon_core.shell:Skip shell extension 'dsv' for command environment
[0.632s] DEBUG:colcon.colcon_core.task.python.build:Available setuptools commands: upload, dist_info, install, bdist, clean, build_py, install_data, check, bdist_rpm, register, setopt, extract_messages, bdist_egg, easy_install, build_scripts, bdist_wheel, rotate, bdist_dumb, build, compile_catalog, build_clib, egg_info, develop, install_egg_info, sdist, test, init_catalog, install_headers, install_lib, symlink_data, update_catalog, build_ext, upload_docs, alias, saveopts, install_scripts
[0.757s] DEBUG:colcon.colcon_core.task.python.build:Available setuptools 'develop' options: --install-layout, --no-find-links, --script-dir, --exclude-scripts, --quiet, --site-dirs, --help, --editable, --version, --dry-run, --egg-path, --prefix, --install-dir, --zip-ok, --always-unzip, --multi-version, --record, --allow-hosts, --find-links, --always-copy, --uninstall, --build-directory, --optimize, --verbose, --no-deps, --no-user-cfg, --index-url, --user, --upgrade, --force-installation-into-system-dir, --local-snapshots-ok
[0.759s] DEBUG:colcon.colcon_core.event_handler.log_command:Invoking command in '/home/wdy/wang_dy/hand-tracking-streamer-main/ros-ws/build/hand_tracking_sdk_ros2': PYTHONPATH=/home/wdy/wang_dy/hand-tracking-streamer-main/ros-ws/build/hand_tracking_sdk_ros2/prefix_override:/usr/lib/python3/dist-packages/colcon_core/task/python/colcon_distutils_commands:/home/wdy/wang_dy/hand-tracking-streamer-main/ros-ws/install/hand_tracking_sdk_ros2/lib/python3.10/site-packages:${PYTHONPATH} /usr/bin/python3 -W ignore:setup.py install is deprecated -W ignore:easy_install command is deprecated setup.py develop --editable --build-directory /home/wdy/wang_dy/hand-tracking-streamer-main/ros-ws/build/hand_tracking_sdk_ros2/build --no-deps symlink_data
[0.945s] Level 1:colcon.colcon_core.shell:create_environment_hook('hand_tracking_sdk_ros2', 'pythonpath_develop')
[0.945s] INFO:colcon.colcon_core.shell:Creating environment hook '/home/wdy/wang_dy/hand-tracking-streamer-main/ros-ws/build/hand_tracking_sdk_ros2/share/hand_tracking_sdk_ros2/hook/pythonpath_develop.ps1'
[0.946s] DEBUG:colcon.colcon_core.event_handler.log_command:Invoked command in '/home/wdy/wang_dy/hand-tracking-streamer-main/ros-ws/build/hand_tracking_sdk_ros2' returned '0': PYTHONPATH=/home/wdy/wang_dy/hand-tracking-streamer-main/ros-ws/build/hand_tracking_sdk_ros2/prefix_override:/usr/lib/python3/dist-packages/colcon_core/task/python/colcon_distutils_commands:/home/wdy/wang_dy/hand-tracking-streamer-main/ros-ws/install/hand_tracking_sdk_ros2/lib/python3.10/site-packages:${PYTHONPATH} /usr/bin/python3 -W ignore:setup.py install is deprecated -W ignore:easy_install command is deprecated setup.py develop --editable --build-directory /home/wdy/wang_dy/hand-tracking-streamer-main/ros-ws/build/hand_tracking_sdk_ros2/build --no-deps symlink_data
[0.946s] INFO:colcon.colcon_core.shell:Creating environment descriptor '/home/wdy/wang_dy/hand-tracking-streamer-main/ros-ws/build/hand_tracking_sdk_ros2/share/hand_tracking_sdk_ros2/hook/pythonpath_develop.dsv'
[0.946s] INFO:colcon.colcon_core.shell:Creating environment hook '/home/wdy/wang_dy/hand-tracking-streamer-main/ros-ws/build/hand_tracking_sdk_ros2/share/hand_tracking_sdk_ros2/hook/pythonpath_develop.sh'
[0.949s] Level 1:colcon.colcon_core.environment:checking '/home/wdy/wang_dy/hand-tracking-streamer-main/ros-ws/install/hand_tracking_sdk_ros2' for CMake module files
[0.949s] Level 1:colcon.colcon_core.environment:checking '/home/wdy/wang_dy/hand-tracking-streamer-main/ros-ws/install/hand_tracking_sdk_ros2' for CMake config files
[0.949s] Level 1:colcon.colcon_core.environment:checking '/home/wdy/wang_dy/hand-tracking-streamer-main/ros-ws/install/hand_tracking_sdk_ros2/lib'
[0.949s] Level 1:colcon.colcon_core.environment:checking '/home/wdy/wang_dy/hand-tracking-streamer-main/ros-ws/install/hand_tracking_sdk_ros2/bin'
[0.949s] Level 1:colcon.colcon_core.environment:checking '/home/wdy/wang_dy/hand-tracking-streamer-main/ros-ws/install/hand_tracking_sdk_ros2/lib/pkgconfig/hand_tracking_sdk_ros2.pc'
[0.950s] Level 1:colcon.colcon_core.environment:checking '/home/wdy/wang_dy/hand-tracking-streamer-main/ros-ws/install/hand_tracking_sdk_ros2/lib/python3.10/site-packages'
[0.950s] Level 1:colcon.colcon_core.shell:create_environment_hook('hand_tracking_sdk_ros2', 'pythonpath')
[0.950s] INFO:colcon.colcon_core.shell:Creating environment hook '/home/wdy/wang_dy/hand-tracking-streamer-main/ros-ws/install/hand_tracking_sdk_ros2/share/hand_tracking_sdk_ros2/hook/pythonpath.ps1'
[0.950s] INFO:colcon.colcon_core.shell:Creating environment descriptor '/home/wdy/wang_dy/hand-tracking-streamer-main/ros-ws/install/hand_tracking_sdk_ros2/share/hand_tracking_sdk_ros2/hook/pythonpath.dsv'
[0.950s] INFO:colcon.colcon_core.shell:Creating environment hook '/home/wdy/wang_dy/hand-tracking-streamer-main/ros-ws/install/hand_tracking_sdk_ros2/share/hand_tracking_sdk_ros2/hook/pythonpath.sh'
[0.950s] Level 1:colcon.colcon_core.environment:checking '/home/wdy/wang_dy/hand-tracking-streamer-main/ros-ws/install/hand_tracking_sdk_ros2/bin'
[0.950s] Level 1:colcon.colcon_core.environment:create_environment_scripts_only(hand_tracking_sdk_ros2)
[0.950s] INFO:colcon.colcon_core.shell:Creating package script '/home/wdy/wang_dy/hand-tracking-streamer-main/ros-ws/install/hand_tracking_sdk_ros2/share/hand_tracking_sdk_ros2/package.ps1'
[0.951s] INFO:colcon.colcon_core.shell:Creating package descriptor '/home/wdy/wang_dy/hand-tracking-streamer-main/ros-ws/install/hand_tracking_sdk_ros2/share/hand_tracking_sdk_ros2/package.dsv'
[0.951s] INFO:colcon.colcon_core.shell:Creating package script '/home/wdy/wang_dy/hand-tracking-streamer-main/ros-ws/install/hand_tracking_sdk_ros2/share/hand_tracking_sdk_ros2/package.sh'
[0.952s] INFO:colcon.colcon_core.shell:Creating package script '/home/wdy/wang_dy/hand-tracking-streamer-main/ros-ws/install/hand_tracking_sdk_ros2/share/hand_tracking_sdk_ros2/package.bash'
[0.952s] INFO:colcon.colcon_core.shell:Creating package script '/home/wdy/wang_dy/hand-tracking-streamer-main/ros-ws/install/hand_tracking_sdk_ros2/share/hand_tracking_sdk_ros2/package.zsh'
[0.953s] Level 1:colcon.colcon_core.environment:create_file_with_runtime_dependencies(/home/wdy/wang_dy/hand-tracking-streamer-main/ros-ws/install/hand_tracking_sdk_ros2/share/colcon-core/packages/hand_tracking_sdk_ros2)
[0.953s] DEBUG:colcon.colcon_parallel_executor.executor.parallel:closing loop
[0.953s] DEBUG:colcon.colcon_parallel_executor.executor.parallel:loop closed
[0.953s] DEBUG:colcon.colcon_parallel_executor.executor.parallel:run_until_complete finished with '0'
[0.953s] DEBUG:colcon.colcon_core.event_reactor:joining thread
[0.958s] INFO:colcon.colcon_core.plugin_system:Skipping extension 'colcon_notification.desktop_notification.terminal_notifier': Not used on non-Darwin systems
[0.958s] INFO:colcon.colcon_core.plugin_system:Skipping extension 'colcon_notification.desktop_notification.win32': Not used on non-Windows systems
[0.958s] INFO:colcon.colcon_notification.desktop_notification:Sending desktop notification using 'notify2'
[0.963s] DEBUG:colcon.colcon_core.event_reactor:joined thread
[0.964s] INFO:colcon.colcon_core.shell:Creating prefix script '/home/wdy/wang_dy/hand-tracking-streamer-main/ros-ws/install/local_setup.ps1'
[0.964s] INFO:colcon.colcon_core.shell:Creating prefix util module '/home/wdy/wang_dy/hand-tracking-streamer-main/ros-ws/install/_local_setup_util_ps1.py'
[0.965s] INFO:colcon.colcon_core.shell:Creating prefix chain script '/home/wdy/wang_dy/hand-tracking-streamer-main/ros-ws/install/setup.ps1'
[0.966s] INFO:colcon.colcon_core.shell:Creating prefix script '/home/wdy/wang_dy/hand-tracking-streamer-main/ros-ws/install/local_setup.sh'
[0.966s] INFO:colcon.colcon_core.shell:Creating prefix util module '/home/wdy/wang_dy/hand-tracking-streamer-main/ros-ws/install/_local_setup_util_sh.py'
[0.966s] INFO:colcon.colcon_core.shell:Creating prefix chain script '/home/wdy/wang_dy/hand-tracking-streamer-main/ros-ws/install/setup.sh'
[0.967s] INFO:colcon.colcon_core.shell:Creating prefix script '/home/wdy/wang_dy/hand-tracking-streamer-main/ros-ws/install/local_setup.bash'
[0.967s] INFO:colcon.colcon_core.shell:Creating prefix chain script '/home/wdy/wang_dy/hand-tracking-streamer-main/ros-ws/install/setup.bash'
[0.968s] INFO:colcon.colcon_core.shell:Creating prefix script '/home/wdy/wang_dy/hand-tracking-streamer-main/ros-ws/install/local_setup.zsh'
[0.968s] INFO:colcon.colcon_core.shell:Creating prefix chain script '/home/wdy/wang_dy/hand-tracking-streamer-main/ros-ws/install/setup.zsh'
