[0.000000] (-) TimerEvent: {}
[0.000120] (hand_tracking_sdk_ros2) JobQueued: {'identifier': 'hand_tracking_sdk_ros2', 'dependencies': OrderedDict()}
[0.000234] (hand_tracking_sdk_ros2) JobStarted: {'identifier': 'hand_tracking_sdk_ros2'}
[0.099983] (-) TimerEvent: {}
[0.200413] (-) TimerEvent: {}
[0.300690] (-) TimerEvent: {}
[0.400953] (-) TimerEvent: {}
[0.419056] (hand_tracking_sdk_ros2) Command: {'cmd': ['/usr/bin/python3', '-W', 'ignore:setup.py install is deprecated', '-W', 'ignore:easy_install command is deprecated', 'setup.py', 'develop', '--editable', '--build-directory', '/home/wdy/wang_dy/hand-tracking-streamer-main/ros-ws/build/hand_tracking_sdk_ros2/build', '--no-deps', 'symlink_data'], 'cwd': '/home/wdy/wang_dy/hand-tracking-streamer-main/ros-ws/build/hand_tracking_sdk_ros2', 'env': {'GJS_DEBUG_TOPICS': 'JS ERROR;JS LOG', 'LESSOPEN': '| /usr/bin/lesspipe %s', 'VSCODE_CWD': '/home/wdy', 'CURSOR_EXTENSION_HOST_ROLE': 'agent-exec', 'VSCODE_ESM_ENTRYPOINT': 'vs/workbench/api/node/extensionHostProcess', 'CMAKE_BUILD_PARALLEL_LEVEL': '1', 'LANGUAGE': 'zh_CN:en', 'USER': 'wdy', 'LC_TIME': 'zh_CN.UTF-8', 'VSCODE_NLS_CONFIG': '{"userLocale":"zh-cn","osLocale":"zh-cn","resolvedLanguage":"zh-cn","defaultMessagesFile":"/usr/share/cursor/resources/app/out/nls.messages.json","languagePack":{"translationsConfigFile":"/home/wdy/.config/Cursor/clp/3bfb7f1471a52e527cfc1587dd57c7c1.zh-cn/tcf.json","messagesFile":"/home/wdy/.config/Cursor/clp/3bfb7f1471a52e527cfc1587dd57c7c1.zh-cn/042b3c1a4c53f2c3808067f519fbfc67b72cad80/nls.messages.json","corruptMarkerFile":"/home/wdy/.config/Cursor/clp/3bfb7f1471a52e527cfc1587dd57c7c1.zh-cn/corrupted.info"},"locale":"zh-cn","availableLanguages":{"*":"zh-cn"},"_languagePackId":"3bfb7f1471a52e527cfc1587dd57c7c1.zh-cn","_languagePackSupport":true,"_translationsConfigFile":"/home/wdy/.config/Cursor/clp/3bfb7f1471a52e527cfc1587dd57c7c1.zh-cn/tcf.json","_cacheRoot":"/home/wdy/.config/Cursor/clp/3bfb7f1471a52e527cfc1587dd57c7c1.zh-cn","_resolvedLanguagePackCoreLocation":"/home/wdy/.config/Cursor/clp/3bfb7f1471a52e527cfc1587dd57c7c1.zh-cn/042b3c1a4c53f2c3808067f519fbfc67b72cad80","_corruptedFile":"/home/wdy/.config/Cursor/clp/3bfb7f1471a52e527cfc1587dd57c7c1.zh-cn/corrupted.info"}', 'VSCODE_HANDLES_UNCAUGHT_ERRORS': 'true', 'XDG_SESSION_TYPE': 'x11', 'CURSOR_RIPGREP_PATH': '/usr/share/cursor/resources/app/node_modules/@vscode/ripgrep/bin/rg', 'SHLVL': '1', 'LD_LIBRARY_PATH': '/usr/lib/x86_64-linux-gnu/gazebo-11/plugins:/opt/ros/humble/opt/rviz_ogre_vendor/lib:/opt/ros/humble/lib/x86_64-linux-gnu:/opt/ros/humble/lib', 'HOME': '/home/wdy', 'CHROME_DESKTOP': 'cursor.desktop', 'CONDA_SHLVL': '0', 'OLDPWD': '/home/wdy/wang_dy/hand-tracking-streamer-main/ros-ws', 'COLCON_PARALLEL_WORKERS': '1', 'DESKTOP_SESSION': 'ubuntu', 'VSCODE_IPC_HOOK': '/run/user/1000/vscode-6fb99251-3.9.-main.sock', 'GIO_LAUNCHED_DESKTOP_FILE': '/usr/share/applications/cursor.desktop', 'ROS_PYTHON_VERSION': '3', 'GNOME_SHELL_SESSION_MODE': 'ubuntu', 'GTK_MODULES': 'gail:atk-bridge', 'LC_MONETARY': 'zh_CN.UTF-8', 'CURSOR_WORKSPACE_LABEL': 'hand-tracking-streamer-main', 'MANAGERPID': '2138', 'SYSTEMD_EXEC_PID': '2536', 'MAKEFLAGS': '-j1 -l1', 'NO_COLOR': '1', 'DBUS_SESSION_BUS_ADDRESS': 'unix:path=/run/user/1000/bus', '_CE_M': '', '_CONDA_ROOT': '/home/wdy/miniconda3', 'GIO_LAUNCHED_DESKTOP_FILE_PID': '8331', 'VSCODE_CRASH_REPORTER_PROCESS_TYPE': 'extensionHost', 'IM_CONFIG_PHASE': '1', 'ROS_DISTRO': 'humble', 'GTK_IM_MODULE': 'fcitx', 'LOGNAME': 'wdy', 'FORCE_COLOR': '0', 'JOURNAL_STREAM': '8:13511', '_': '/usr/bin/colcon', 'ROS_VERSION': '2', 'CURSOR_LAYOUT': 'unifiedAgent', 'XDG_SESSION_CLASS': 'user', 'USERNAME': 'wdy', 'TERM': 'dumb', 'GNOME_DESKTOP_SESSION_ID': 'this-is-deprecated', '_CE_CONDA': '', 'FC_FONTATIONS': '1', 'ROS_LOCALHOST_ONLY': '0', 'WINDOWPATH': '2', 'PATH': '/home/wdy/.local/bin:/home/wdy/.local/bin:/usr/share/cursor/resources/app/node_modules/@vscode/ripgrep/bin:/home/wdy/.local/bin:/home/wdy/miniconda3/condabin:/home/wdy/.local/bin:/opt/ros/humble/bin:/home/wdy/.local/bin:/usr/local/sbin:/usr/local/bin:/usr/sbin:/usr/bin:/sbin:/bin:/usr/games:/usr/local/games:/snap/bin:/snap/bin', 'SESSION_MANAGER': 'local/HP:@/tmp/.ICE-unix/2508,unix/HP:/tmp/.ICE-unix/2508', 'INVOCATION_ID': 'e01579f54523455bbd6030a1f33ceef8', 'PAPERSIZE': 'a4', 'XDG_MENU_PREFIX': 'gnome-', 'LC_ADDRESS': 'zh_CN.UTF-8', 'VSCODE_PROCESS_TITLE': 'extension-host (agent-exec) hand-tracking-streamer-main [17-150]', 'XDG_RUNTIME_DIR': '/run/user/1000', 'GDK_BACKEND': 'x11', 'AGENT_TRANSCRIPTS': '/home/wdy/.cursor/projects/home-wdy-wang-dy-hand-tracking-streamer-main/agent-transcripts', 'CURSOR_AGENT': '1', 'DISPLAY': ':1', 'LANG': 'zh_CN.UTF-8', 'XDG_CURRENT_DESKTOP': 'ubuntu:GNOME', 'LC_TELEPHONE': 'zh_CN.UTF-8', 'XMODIFIERS': '@im=fcitx', 'XDG_SESSION_DESKTOP': 'ubuntu', 'XAUTHORITY': '/run/user/1000/gdm/Xauthority', 'LS_COLORS': '', 'SSH_AGENT_LAUNCHER': 'gnome-keyring', 'SSH_AUTH_SOCK': '/run/user/1000/keyring/ssh', 'AMENT_PREFIX_PATH': '/opt/ros/humble', 'CONDA_PYTHON_EXE': '/home/wdy/miniconda3/bin/python', 'SHELL': '/bin/bash', 'LC_NAME': 'zh_CN.UTF-8', 'QT_ACCESSIBILITY': '1', 'GDMSESSION': 'ubuntu', 'LESSCLOSE': '/usr/bin/lesspipe %s %s', 'LC_MEASUREMENT': 'zh_CN.UTF-8', 'GPG_AGENT_INFO': '/run/user/1000/gnupg/S.gpg-agent:0:1', 'GJS_DEBUG_OUTPUT': 'stderr', '_CONDA_EXE': '/home/wdy/miniconda3/bin/conda', 'LC_IDENTIFICATION': 'zh_CN.UTF-8', 'QT_IM_MODULE': 'fcitx', 'PWD': '/home/wdy/wang_dy/hand-tracking-streamer-main/ros-ws/build/hand_tracking_sdk_ros2', 'XDG_CONFIG_DIRS': '/etc/xdg/xdg-ubuntu:/etc/xdg', 'CONDA_EXE': '/home/wdy/miniconda3/bin/conda', 'VSCODE_CODE_CACHE_PATH': '/home/wdy/.config/Cursor/CachedData/042b3c1a4c53f2c3808067f519fbfc67b72cad80', 'CLUTTER_IM_MODULE': 'fcitx', 'XDG_DATA_DIRS': '/usr/share/ubuntu:/usr/share/gnome:/usr/local/share/:/usr/share/:/var/lib/snapd/desktop:/opt/apps/com.qq.weixin.work.deepin/entries:/opt/apps/com.todesk/entries:/opt/apps/com.qq.weixin.work.deepin/entries:/opt/apps/com.todesk/entries:/opt/apps/com.qq.weixin.work.deepin/entries:/opt/apps/com.todesk/entries', 'CURSOR_CONVERSATION_ID': 'e6eca69f-a5db-45ad-8ee1-6825332cf614', 'PYTHONPATH': '/home/wdy/wang_dy/hand-tracking-streamer-main/ros-ws/build/hand_tracking_sdk_ros2/prefix_override:/usr/lib/python3/dist-packages/colcon_core/task/python/colcon_distutils_commands:/home/wdy/wang_dy/hand-tracking-streamer-main/ros-ws/install/hand_tracking_sdk_ros2/lib/python3.10/site-packages:/opt/ros/humble/lib/python3.10/site-packages:/opt/ros/humble/local/lib/python3.10/dist-packages', 'LC_NUMERIC': 'zh_CN.UTF-8', 'LC_PAPER': 'zh_CN.UTF-8', 'COLCON': '1', '_ZO_DOCTOR': '0', 'VSCODE_PID': '8331'}, 'shell': False}
[0.501155] (-) TimerEvent: {}
[0.524817] (hand_tracking_sdk_ros2) StdoutLine: {'line': b'running develop\n'}
[0.582500] (hand_tracking_sdk_ros2) StdoutLine: {'line': b'running egg_info\n'}
[0.582619] (hand_tracking_sdk_ros2) StdoutLine: {'line': b'creating hand_tracking_sdk_ros2.egg-info\n'}
[0.582651] (hand_tracking_sdk_ros2) StdoutLine: {'line': b'writing hand_tracking_sdk_ros2.egg-info/PKG-INFO\n'}
[0.582787] (hand_tracking_sdk_ros2) StdoutLine: {'line': b'writing dependency_links to hand_tracking_sdk_ros2.egg-info/dependency_links.txt\n'}
[0.582813] (hand_tracking_sdk_ros2) StdoutLine: {'line': b'writing entry points to hand_tracking_sdk_ros2.egg-info/entry_points.txt\n'}
[0.582832] (hand_tracking_sdk_ros2) StdoutLine: {'line': b'writing requirements to hand_tracking_sdk_ros2.egg-info/requires.txt\n'}
[0.582852] (hand_tracking_sdk_ros2) StdoutLine: {'line': b'writing top-level names to hand_tracking_sdk_ros2.egg-info/top_level.txt\n'}
[0.582871] (hand_tracking_sdk_ros2) StdoutLine: {'line': b"writing manifest file 'hand_tracking_sdk_ros2.egg-info/SOURCES.txt'\n"}
[0.583554] (hand_tracking_sdk_ros2) StdoutLine: {'line': b"reading manifest file 'hand_tracking_sdk_ros2.egg-info/SOURCES.txt'\n"}
[0.583833] (hand_tracking_sdk_ros2) StdoutLine: {'line': b"writing manifest file 'hand_tracking_sdk_ros2.egg-info/SOURCES.txt'\n"}
[0.584418] (hand_tracking_sdk_ros2) StdoutLine: {'line': b'running build_ext\n'}
[0.584519] (hand_tracking_sdk_ros2) StdoutLine: {'line': b'Creating /home/wdy/wang_dy/hand-tracking-streamer-main/ros-ws/install/hand_tracking_sdk_ros2/lib/python3.10/site-packages/hand-tracking-sdk-ros2.egg-link (link to .)\n'}
[0.584838] (hand_tracking_sdk_ros2) StdoutLine: {'line': b'Installing hand_tracking_bridge script to /home/wdy/wang_dy/hand-tracking-streamer-main/ros-ws/install/hand_tracking_sdk_ros2/lib/hand_tracking_sdk_ros2\n'}
[0.584933] (hand_tracking_sdk_ros2) StdoutLine: {'line': b'\n'}
[0.584989] (hand_tracking_sdk_ros2) StdoutLine: {'line': b'Installed /home/wdy/wang_dy/hand-tracking-streamer-main/ros-ws/build/hand_tracking_sdk_ros2\n'}
[0.585030] (hand_tracking_sdk_ros2) StdoutLine: {'line': b'running symlink_data\n'}
[0.585073] (hand_tracking_sdk_ros2) StdoutLine: {'line': b'creating /home/wdy/wang_dy/hand-tracking-streamer-main/ros-ws/install/hand_tracking_sdk_ros2/share/ament_index\n'}
[0.585117] (hand_tracking_sdk_ros2) StdoutLine: {'line': b'creating /home/wdy/wang_dy/hand-tracking-streamer-main/ros-ws/install/hand_tracking_sdk_ros2/share/ament_index/resource_index\n'}
[0.585192] (hand_tracking_sdk_ros2) StdoutLine: {'line': b'creating /home/wdy/wang_dy/hand-tracking-streamer-main/ros-ws/install/hand_tracking_sdk_ros2/share/ament_index/resource_index/packages\n'}
[0.585222] (hand_tracking_sdk_ros2) StdoutLine: {'line': b'symbolically linking /home/wdy/wang_dy/hand-tracking-streamer-main/ros-ws/build/hand_tracking_sdk_ros2/resource/hand_tracking_sdk_ros2 -> /home/wdy/wang_dy/hand-tracking-streamer-main/ros-ws/install/hand_tracking_sdk_ros2/share/ament_index/resource_index/packages\n'}
[0.585266] (hand_tracking_sdk_ros2) StdoutLine: {'line': b'symbolically linking /home/wdy/wang_dy/hand-tracking-streamer-main/ros-ws/build/hand_tracking_sdk_ros2/package.xml -> /home/wdy/wang_dy/hand-tracking-streamer-main/ros-ws/install/hand_tracking_sdk_ros2/share/hand_tracking_sdk_ros2\n'}
[0.585287] (hand_tracking_sdk_ros2) StdoutLine: {'line': b'symbolically linking /home/wdy/wang_dy/hand-tracking-streamer-main/ros-ws/build/hand_tracking_sdk_ros2/README.md -> /home/wdy/wang_dy/hand-tracking-streamer-main/ros-ws/install/hand_tracking_sdk_ros2/share/hand_tracking_sdk_ros2\n'}
[0.585306] (hand_tracking_sdk_ros2) StdoutLine: {'line': b'creating /home/wdy/wang_dy/hand-tracking-streamer-main/ros-ws/install/hand_tracking_sdk_ros2/share/hand_tracking_sdk_ros2/launch\n'}
[0.585324] (hand_tracking_sdk_ros2) StdoutLine: {'line': b'symbolically linking /home/wdy/wang_dy/hand-tracking-streamer-main/ros-ws/build/hand_tracking_sdk_ros2/launch/bridge.launch.py -> /home/wdy/wang_dy/hand-tracking-streamer-main/ros-ws/install/hand_tracking_sdk_ros2/share/hand_tracking_sdk_ros2/launch\n'}
[0.585342] (hand_tracking_sdk_ros2) StdoutLine: {'line': b'symbolically linking /home/wdy/wang_dy/hand-tracking-streamer-main/ros-ws/build/hand_tracking_sdk_ros2/launch/view_hands.launch.py -> /home/wdy/wang_dy/hand-tracking-streamer-main/ros-ws/install/hand_tracking_sdk_ros2/share/hand_tracking_sdk_ros2/launch\n'}
[0.585359] (hand_tracking_sdk_ros2) StdoutLine: {'line': b'creating /home/wdy/wang_dy/hand-tracking-streamer-main/ros-ws/install/hand_tracking_sdk_ros2/share/hand_tracking_sdk_ros2/config\n'}
[0.585376] (hand_tracking_sdk_ros2) StdoutLine: {'line': b'symbolically linking /home/wdy/wang_dy/hand-tracking-streamer-main/ros-ws/build/hand_tracking_sdk_ros2/config/bridge.params.yaml -> /home/wdy/wang_dy/hand-tracking-streamer-main/ros-ws/install/hand_tracking_sdk_ros2/share/hand_tracking_sdk_ros2/config\n'}
[0.585397] (hand_tracking_sdk_ros2) StdoutLine: {'line': b'creating /home/wdy/wang_dy/hand-tracking-streamer-main/ros-ws/install/hand_tracking_sdk_ros2/share/hand_tracking_sdk_ros2/rviz\n'}
[0.585415] (hand_tracking_sdk_ros2) StdoutLine: {'line': b'symbolically linking /home/wdy/wang_dy/hand-tracking-streamer-main/ros-ws/build/hand_tracking_sdk_ros2/rviz/hand_tracking.rviz -> /home/wdy/wang_dy/hand-tracking-streamer-main/ros-ws/install/hand_tracking_sdk_ros2/share/hand_tracking_sdk_ros2/rviz\n'}
[0.597883] (hand_tracking_sdk_ros2) CommandEnded: {'returncode': 0}
[0.601240] (-) TimerEvent: {}
[0.604754] (hand_tracking_sdk_ros2) JobEnded: {'identifier': 'hand_tracking_sdk_ros2', 'rc': 0}
[0.604966] (-) EventReactorShutdown: {}
